<?xml version="1.0" encoding="utf-8"?><testsuites><testsuite name="pytest" errors="0" failures="0" skipped="0" tests="35" time="0.148" timestamp="2022-06-28T08:57:06.643689" hostname="jorge-XPS"><testcase classname="tests.unit.test_protocols" name="test_decode_handshake[{}-None]" time="0.001" /><testcase classname="tests.unit.test_protocols" name="test_decode_handshake[{&quot;error&quot;: &quot;invalid&quot;}-invalid]" time="0.001" /><testcase classname="tests.unit.test_protocols" name="test_handshake_message" time="0.000" /><testcase classname="tests.unit.test_protocols" name="test_parse[{&quot;type&quot;: 1, &quot;target&quot;: &quot;RequestMessage&quot;, &quot;arguments&quot;: [&quot;message&quot;, &quot;test&quot;, &quot;signalr message&quot;], &quot;invocationId&quot;: &quot;e7899dfc-a5f4-447f-8107-a2d86cf26666&quot;}\x1e-InvocationMessage]" time="0.001" /><testcase classname="tests.unit.test_protocols" name="test_parse[{&quot;type&quot;:3,&quot;invocationId&quot;:&quot;b6f2cf89-18e8-44ff-a1ff-63abce936960&quot;,&quot;result&quot;:&quot;signalr completion&quot;}\x1e-CompletionMessage]" time="0.001" /><testcase classname="tests.unit.test_protocols" name="test_parse[{&quot;type&quot;: 6}-PingMessage]" time="0.001" /><testcase classname="tests.unit.test_protocols" name="test_base_encoder[actual0-{&quot;test&quot;: null}]" time="0.001" /><testcase classname="tests.unit.test_protocols" name="test_base_encoder[actual1-{&quot;test&quot;: &quot;a&quot;}]" time="0.001" /><testcase classname="tests.unit.test_protocols" name="test_base_encoder[actual2-{&quot;test&quot;: 1}]" time="0.001" /><testcase classname="tests.unit.test_protocols" name="test_base_encoder[actual3-{&quot;test&quot;: 0.01}]" time="0.001" /><testcase classname="tests.unit.test_protocols" name="test_base_encoder[actual4-{&quot;test&quot;: true}]" time="0.001" /><testcase classname="tests.unit.test_protocols" name="test_base_encoder[actual5-{&quot;test&quot;: [&quot;a&quot;, &quot;b&quot;, &quot;c&quot;]}]" time="0.001" /><testcase classname="tests.unit.test_protocols" name="test_base_encoder[actual6-{&quot;test&quot;: 1}]" time="0.001" /><testcase classname="tests.unit.test_protocols" name="test_base_encoder[actual7-{&quot;test&quot;: -1}]" time="0.001" /><testcase classname="tests.unit.test_protocols" name="test_invocation_encoder" time="0.000" /><testcase classname="tests.unit.test_transports" name="test_normalize_url[LongPollingTransport-http://foo.bar-http://foo.bar]" time="0.001" /><testcase classname="tests.unit.test_transports" name="test_normalize_url[LongPollingTransport-https://foo.bar-https://foo.bar]" time="0.001" /><testcase classname="tests.unit.test_transports" name="test_normalize_url[LongPollingTransport-ws://foo.bar-http://foo.bar]" time="0.001" /><testcase classname="tests.unit.test_transports" name="test_normalize_url[LongPollingTransport-wss://foo.bar-https://foo.bar]" time="0.001" /><testcase classname="tests.unit.test_transports" name="test_normalize_url[WebSocketTransport-http://foo.bar-ws://foo.bar]" time="0.001" /><testcase classname="tests.unit.test_transports" name="test_normalize_url[WebSocketTransport-https://foo.bar-wss://foo.bar]" time="0.001" /><testcase classname="tests.unit.test_transports" name="test_normalize_url[WebSocketTransport-ws://foo.bar-ws://foo.bar]" time="0.001" /><testcase classname="tests.unit.test_transports" name="test_normalize_url[WebSocketTransport-wss://foo.bar-wss://foo.bar]" time="0.001" /><testcase classname="tests.unit.test_transports" name="test_connect[LongPollingTransport]" time="0.012" /><testcase classname="tests.unit.test_transports" name="test_connect[WebSocketTransport]" time="0.007" /><testcase classname="tests.unit.test_transports" name="test_connect_invalid_transport[LongPollingTransport]" time="0.005" /><testcase classname="tests.unit.test_transports" name="test_connect_invalid_transport[WebSocketTransport]" time="0.005" /><testcase classname="tests.unit.test_transports" name="test_send_long_polling" time="0.004" /><testcase classname="tests.unit.test_transports" name="test_send_websockets" time="0.012" /><testcase classname="tests.unit.test_transports" name="test_send_not_connected[conn-LongPollingTransport]" time="0.003" /><testcase classname="tests.unit.test_transports" name="test_send_not_connected[conn-WebSocketTransport]" time="0.003" /><testcase classname="tests.unit.test_transports" name="test_send_not_connected[receive_task-LongPollingTransport]" time="0.003" /><testcase classname="tests.unit.test_transports" name="test_send_not_connected[receive_task-WebSocketTransport]" time="0.003" /><testcase classname="tests.unit.test_transports" name="test_send_connection_stopped[LongPollingTransport]" time="0.003" /><testcase classname="tests.unit.test_transports" name="test_send_connection_stopped[WebSocketTransport]" time="0.005" /></testsuite></testsuites>